// Jest Snapshot v1, https://goo.gl/fbAQLP

exports[`renders homepage unchanged 1`] = `
<div>
  <nav />
  <main>
    <div
      class="container"
    >
      <div
        class="row"
      >
        <div
          class="col-12"
        >
          <h1>
            Welcome
          </h1>
        </div>
      </div>
    </div>
  </main>
</div>
`;
